// Jest Snapshot v1, https://goo.gl/fbAQLP

exports[`pull-request-handler comments on a pull request 1`] = `
Array [
  Object {
    "body": "## I am an example title
I am an example title

---
https://github.com/nerrad/tests/blob/1409a3f61a27fe80a7170026fd73eaa2108a0108/.travis.yml#L9-L15
---
###### :rocket: This comment was generated by the [automations bot](https://github.com/nerrad/automations) based on a \`todo\` comment in 1409a3f61a27fe80a7170026fd73eaa2108a0108 in #32. cc @nerrad",
    "issue_number": 32,
    "owner": "nerrad",
    "repo": "tests",
  },
]
`;
